(base) sxa126@RESDQ520GC659 drsamalik % ls
README.md       data            index.html      mipnerf360      zipnerf
Saeed_C_V.pdf   images          mipnerf         stylesheet.css
(base) sxa126@RESDQ520GC659 drsamalik % 
(base) sxa126@RESDQ520GC659 drsamalik % 
(base) sxa126@RESDQ520GC659 drsamalik % git add .
(base) sxa126@RESDQ520GC659 drsamalik % git commit -m "adding info"
Author identity unknown

*** Please tell me who you are.

Run

  git config --global user.email "you@example.com"
  git config --global user.name "Your Name"

to set your account's default identity.
Omit --global to set the identity only in this repository.

fatal: unable to auto-detect email address (got 'sxa126@RESDQ520GC659.(none)')
(base) sxa126@RESDQ520GC659 drsamalik % git config --global user.email saeediitb@gmail.com
(base) sxa126@RESDQ520GC659 drsamalik % git config --global user.name Saeed
(base) sxa126@RESDQ520GC659 drsamalik % git commit -m "adding info"                       
[master 0acec1f] adding info
 2 files changed, 148 insertions(+), 3237 deletions(-)
 create mode 100644 Saeed_C_V.pdf
(base) sxa126@RESDQ520GC659 drsamalik % git push origin main
error: src refspec main does not match any
error: failed to push some refs to 'https://github.com/drsamalik/drsamalik.git'
(base) sxa126@RESDQ520GC659 drsamalik % git push origin master
Enumerating objects: 6, done.
Counting objects: 100% (6/6), done.
Delta compression using up to 12 threads
Compressing objects: 100% (4/4), done.
Writing objects: 100% (4/4), 887.62 KiB | 32.87 MiB/s, done.
Total 4 (delta 2), reused 0 (delta 0), pack-reused 0
remote: Resolving deltas: 100% (2/2), completed with 2 local objects.
To https://github.com/drsamalik/drsamalik.git
   e45f1b0..0acec1f  master -> master
(base) sxa126@RESDQ520GC659 drsamalik % git add .                                         
(base) sxa126@RESDQ520GC659 drsamalik % git commit -m "adding info"        
[master cad331f] adding info
 1 file changed, 65 insertions(+), 618 deletions(-)
(base) sxa126@RESDQ520GC659 drsamalik % git push origin master     
Enumerating objects: 5, done.
Counting objects: 100% (5/5), done.
Delta compression using up to 12 threads
Compressing objects: 100% (3/3), done.
Writing objects: 100% (3/3), 1.10 KiB | 1.10 MiB/s, done.
Total 3 (delta 2), reused 0 (delta 0), pack-reused 0
remote: Resolving deltas: 100% (2/2), completed with 2 local objects.
remote: This repository moved. Please use the new location:
remote:   https://github.com/drsamalik/drsamalik.github.io.git
To https://github.com/drsamalik/drsamalik.git
   0acec1f..cad331f  master -> master
(base) sxa126@RESDQ520GC659 drsamalik % git add .                  
(base) sxa126@RESDQ520GC659 drsamalik % git commit -m "adding info"
On branch master
Your branch is up to date with 'origin/master'.

nothing to commit, working tree clean
(base) sxa126@RESDQ520GC659 drsamalik % git add .                  
(base) sxa126@RESDQ520GC659 drsamalik % git commit -m "adding info1"
[master c4cc81f] adding info1
 1 file changed, 104 insertions(+), 437 deletions(-)
(base) sxa126@RESDQ520GC659 drsamalik % git push origin master      
Enumerating objects: 5, done.
Counting objects: 100% (5/5), done.
Delta compression using up to 12 threads
Compressing objects: 100% (3/3), done.
Writing objects: 100% (3/3), 1.49 KiB | 1.49 MiB/s, done.
Total 3 (delta 2), reused 0 (delta 0), pack-reused 0
remote: Resolving deltas: 100% (2/2), completed with 2 local objects.
remote: This repository moved. Please use the new location:
remote:   https://github.com/drsamalik/drsamalik.github.io.git
To https://github.com/drsamalik/drsamalik.git
   cad331f..c4cc81f  master -> master
(base) sxa126@RESDQ520GC659 drsamalik % git add .                   
(base) sxa126@RESDQ520GC659 drsamalik % git commit -m "adding attractive 1"
[master 22372ab] adding attractive 1
 1 file changed, 132 insertions(+), 115 deletions(-)
(base) sxa126@RESDQ520GC659 drsamalik % git push origin master             
Enumerating objects: 5, done.
Counting objects: 100% (5/5), done.
Delta compression using up to 12 threads
Compressing objects: 100% (3/3), done.
Writing objects: 100% (3/3), 2.04 KiB | 2.04 MiB/s, done.
Total 3 (delta 1), reused 0 (delta 0), pack-reused 0
remote: Resolving deltas: 100% (1/1), completed with 1 local object.
remote: This repository moved. Please use the new location:
remote:   https://github.com/drsamalik/drsamalik.github.io.git
To https://github.com/drsamalik/drsamalik.git
   c4cc81f..22372ab  master -> master
(base) sxa126@RESDQ520GC659 drsamalik % git add .                          
(base) sxa126@RESDQ520GC659 drsamalik % git commit -m "adding attractive 2"
[master 103af73] adding attractive 2
 3 files changed, 34 insertions(+), 6 deletions(-)
 create mode 100644 Saeed_cv_prof.pdf
 create mode 100644 saeed.jpg
(base) sxa126@RESDQ520GC659 drsamalik % git push origin master             
Enumerating objects: 7, done.
Counting objects: 100% (7/7), done.
Delta compression using up to 12 threads
Compressing objects: 100% (5/5), done.
Writing objects: 100% (5/5), 858.02 KiB | 35.75 MiB/s, done.
Total 5 (delta 2), reused 0 (delta 0), pack-reused 0
remote: Resolving deltas: 100% (2/2), completed with 2 local objects.
remote: This repository moved. Please use the new location:
remote:   https://github.com/drsamalik/drsamalik.github.io.git
To https://github.com/drsamalik/drsamalik.git
   22372ab..103af73  master -> master
(base) sxa126@RESDQ520GC659 drsamalik % git add .                          
(base) sxa126@RESDQ520GC659 drsamalik % git commit -m "adding attractive 3"
[master d11c114] adding attractive 3
 1 file changed, 157 insertions(+), 160 deletions(-)
(base) sxa126@RESDQ520GC659 drsamalik % git push origin master             
Enumerating objects: 5, done.
Counting objects: 100% (5/5), done.
Delta compression using up to 12 threads
Compressing objects: 100% (3/3), done.
Writing objects: 100% (3/3), 2.25 KiB | 2.25 MiB/s, done.
Total 3 (delta 1), reused 0 (delta 0), pack-reused 0
remote: Resolving deltas: 100% (1/1), completed with 1 local object.
remote: This repository moved. Please use the new location:
remote:   https://github.com/drsamalik/drsamalik.github.io.git
To https://github.com/drsamalik/drsamalik.git
   103af73..d11c114  master -> master
(base) sxa126@RESDQ520GC659 drsamalik % git add .                          
(base) sxa126@RESDQ520GC659 drsamalik % git commit -m "adding attractive 4"
[master 43d30e0] adding attractive 4
 1 file changed, 35 insertions(+), 60 deletions(-)
(base) sxa126@RESDQ520GC659 drsamalik % git push origin master             
Enumerating objects: 5, done.
Counting objects: 100% (5/5), done.
Delta compression using up to 12 threads
Compressing objects: 100% (3/3), done.
Writing objects: 100% (3/3), 593 bytes | 593.00 KiB/s, done.
Total 3 (delta 2), reused 0 (delta 0), pack-reused 0
remote: Resolving deltas: 100% (2/2), completed with 2 local objects.
remote: This repository moved. Please use the new location:
remote:   https://github.com/drsamalik/drsamalik.github.io.git
To https://github.com/drsamalik/drsamalik.git
   d11c114..43d30e0  master -> master
(base) sxa126@RESDQ520GC659 drsamalik % git add .                          
(base) sxa126@RESDQ520GC659 drsamalik % git commit -m "adding attractive 5"
[master 150d9df] adding attractive 5
 1 file changed, 158 insertions(+), 111 deletions(-)
(base) sxa126@RESDQ520GC659 drsamalik % git push origin master             
Enumerating objects: 5, done.
Counting objects: 100% (5/5), done.
Delta compression using up to 12 threads
Compressing objects: 100% (3/3), done.
Writing objects: 100% (3/3), 1.05 KiB | 1.05 MiB/s, done.
Total 3 (delta 2), reused 0 (delta 0), pack-reused 0
remote: Resolving deltas: 100% (2/2), completed with 2 local objects.
remote: This repository moved. Please use the new location:
remote:   https://github.com/drsamalik/drsamalik.github.io.git
To https://github.com/drsamalik/drsamalik.git
   43d30e0..150d9df  master -> master
(base) sxa126@RESDQ520GC659 drsamalik % git add .                          
(base) sxa126@RESDQ520GC659 drsamalik % git commit -m "adding attractive 5"
[master ae3fcff] adding attractive 5
 1 file changed, 1 insertion(+), 1 deletion(-)
(base) sxa126@RESDQ520GC659 drsamalik % git push origin master             
Enumerating objects: 5, done.
Counting objects: 100% (5/5), done.
Delta compression using up to 12 threads
Compressing objects: 100% (3/3), done.
Writing objects: 100% (3/3), 290 bytes | 290.00 KiB/s, done.
Total 3 (delta 2), reused 0 (delta 0), pack-reused 0
remote: Resolving deltas: 100% (2/2), completed with 2 local objects.
remote: This repository moved. Please use the new location:
remote:   https://github.com/drsamalik/drsamalik.github.io.git
To https://github.com/drsamalik/drsamalik.git
   150d9df..ae3fcff  master -> master
(base) sxa126@RESDQ520GC659 drsamalik % git add .                          
(base) sxa126@RESDQ520GC659 drsamalik % git commit -m "adding attractive 5"
[master 51de185] adding attractive 5
 1 file changed, 114 insertions(+), 154 deletions(-)
(base) sxa126@RESDQ520GC659 drsamalik % git push origin master             
Enumerating objects: 5, done.
Counting objects: 100% (5/5), done.
Delta compression using up to 12 threads
Compressing objects: 100% (3/3), done.
Writing objects: 100% (3/3), 731 bytes | 731.00 KiB/s, done.
Total 3 (delta 2), reused 0 (delta 0), pack-reused 0
remote: Resolving deltas: 100% (2/2), completed with 2 local objects.
remote: This repository moved. Please use the new location:
remote:   https://github.com/drsamalik/drsamalik.github.io.git
To https://github.com/drsamalik/drsamalik.git
   ae3fcff..51de185  master -> master
(base) sxa126@RESDQ520GC659 drsamalik % git add .                          
(base) sxa126@RESDQ520GC659 drsamalik % git commit -m "adding attractive 5"
On branch master
Your branch is up to date with 'origin/master'.

nothing to commit, working tree clean
(base) sxa126@RESDQ520GC659 drsamalik % git push origin master             
Everything up-to-date
(base) sxa126@RESDQ520GC659 drsamalik % 
